
> Grochain@0.1.0 build
> next build

node.exe :  ΓÜá `eslint` 
configuration in 
next.config.mjs is no 
longer supported. See more 
info here: https://nextjs.or
g/docs/app/api-reference/cli
/next#next-lint-options
At line:1 char:1
+ & "C:\Program 
Files\nodejs/node.exe" "C:\U
sers\DELL\AppData\Roaming\n 
...
+ ~~~~~~~~~~~~~~~~~~~~~~~~~~
~~~~~~~~~~~~~~~~~~~~~~~~~~~~
~~~~~~~~~~~~~~~
    + CategoryInfo          
    : NotSpecified: ( ΓÜá   
  `eslint` c...xt-lint-op   
 tions:String) [], Remot    
eException
    + FullyQualifiedErrorId 
    : NativeCommandError
 
 ΓÜá Invalid 
next.config.mjs options 
detected: 
 ΓÜá     Unrecognized 
key(s) in object: 'eslint'
 ΓÜá See more info here: htt
ps://nextjs.org/docs/message
s/invalid-next-config
   Γû▓ Next.js 16.0.8 (Turbopack)
   - Environments: .env
   - Experiments (use with caution):
     ┬╖ optimizePackageImports

 ΓÜá The "middleware" file 
convention is deprecated. 
Please use "proxy" instead. 
Learn more: https://nextjs.o
rg/docs/messages/middleware-
to-proxy
   Creating an optimized production build ...
 Γ¿» ERROR: This build is 
using Turbopack, with a 
`webpack` config and no 
`turbopack` config.
   This may be a mistake.

   As of Next.js 16 
Turbopack is enabled by 
default and
   custom webpack 
configurations may need to 
be migrated to Turbopack.

   NOTE: your `webpack` 
config may have been added 
by a configuration plugin.

   To configure Turbopack, 
see https://nextjs.org/docs/
app/api-reference/next-confi
g-js/turbopack

   TIP: Many applications 
work fine under Turbopack 
with no configuration,
   if that is the case for 
you, you can silence this 
error by passing the
   `--turbopack` or 
`--webpack` flag explicitly 
or simply setting an 
   empty turbopack config 
in your Next config file 
(e.g. `turbopack: {}`).

> Build error occurred
Error: Call retries were 
exceeded
    at ignore-listed frames 
{
  type: 'WorkerError'
}
npm error Lifecycle script 
`build` failed with error:
npm error code 1
npm error path C:\Users\DELL
\Pictures\GroChain_Project\c
lient
npm error workspace 
Grochain@0.1.0
npm error location C:\Users\
DELL\Pictures\GroChain_Proje
ct\client
npm error command failed
npm error command 
C:\WINDOWS\system32\cmd.exe 
/d /s /c next build
